[
  {
    "type": "<>",
    "start": 0,
    "end": 23,
    "value": "<h1 class=\"some thing\">",
    "children": [
      {
        "type": "#text",
        "start": 1,
        "end": 10,
        "value": "h1 class="
      },
      {
        "type": "\"\"",
        "start": 10,
        "end": 22,
        "value": "\"some thing\"",
        "children": [
          {
            "type": "#text",
            "start": 11,
            "end": 21,
            "value": "some thing"
          }
        ]
      }
    ]
  },
  {
    "type": "#text",
    "start": 23,
    "end": 29,
    "value": "Hello "
  },
  {
    "type": "<>",
    "start": 29,
    "end": 35,
    "value": "<span>",
    "children": [
      {
        "type": "#text",
        "start": 30,
        "end": 34,
        "value": "span"
      }
    ]
  },
  {
    "type": "#text",
    "start": 35,
    "end": 40,
    "value": "World"
  },
  {
    "type": "<>",
    "start": 40,
    "end": 47,
    "value": "</span>",
    "children": [
      {
        "type": "#text",
        "start": 41,
        "end": 46,
        "value": "/span"
      }
    ]
  },
  {
    "type": "#text",
    "start": 47,
    "end": 48,
    "value": " "
  },
  {
    "type": "<>",
    "start": 48,
    "end": 53,
    "value": "</h1>",
    "children": [
      {
        "type": "#text",
        "start": 49,
        "end": 52,
        "value": "/h1"
      }
    ]
  }
]